Archive member included to satisfy reference by file (symbol)

C:/Users/user/Applications/STM32CubeIDE/plugins/com.st.stm32cube.ide.mcu.externaltools.gnu-tools-for-stm32.12.3.rel1.win32_1.0.100.202403111256/tools/bin/../lib/gcc/arm-none-eabi/12.3.1/../../../../arm-none-eabi/lib/thumb/v7e-m+fp/hard\libc_nano.a(libc_a-exit.o)
                              C:/Users/user/Applications/STM32CubeIDE/plugins/com.st.stm32cube.ide.mcu.externaltools.gnu-tools-for-stm32.12.3.rel1.win32_1.0.100.202403111256/tools/bin/../lib/gcc/arm-none-eabi/12.3.1/../../../../arm-none-eabi/lib/thumb/v7e-m+fp/hard/crt0.o (exit)
C:/Users/user/Applications/STM32CubeIDE/plugins/com.st.stm32cube.ide.mcu.externaltools.gnu-tools-for-stm32.12.3.rel1.win32_1.0.100.202403111256/tools/bin/../lib/gcc/arm-none-eabi/12.3.1/../../../../arm-none-eabi/lib/thumb/v7e-m+fp/hard\libc_nano.a(libc_a-malloc.o)
                              ./Core/Src/parser.o (malloc)
C:/Users/user/Applications/STM32CubeIDE/plugins/com.st.stm32cube.ide.mcu.externaltools.gnu-tools-for-stm32.12.3.rel1.win32_1.0.100.202403111256/tools/bin/../lib/gcc/arm-none-eabi/12.3.1/../../../../arm-none-eabi/lib/thumb/v7e-m+fp/hard\libc_nano.a(libc_a-mallocr.o)
                              C:/Users/user/Applications/STM32CubeIDE/plugins/com.st.stm32cube.ide.mcu.externaltools.gnu-tools-for-stm32.12.3.rel1.win32_1.0.100.202403111256/tools/bin/../lib/gcc/arm-none-eabi/12.3.1/../../../../arm-none-eabi/lib/thumb/v7e-m+fp/hard\libc_nano.a(libc_a-malloc.o) (_malloc_r)
C:/Users/user/Applications/STM32CubeIDE/plugins/com.st.stm32cube.ide.mcu.externaltools.gnu-tools-for-stm32.12.3.rel1.win32_1.0.100.202403111256/tools/bin/../lib/gcc/arm-none-eabi/12.3.1/../../../../arm-none-eabi/lib/thumb/v7e-m+fp/hard\libc_nano.a(libc_a-mlock.o)
                              C:/Users/user/Applications/STM32CubeIDE/plugins/com.st.stm32cube.ide.mcu.externaltools.gnu-tools-for-stm32.12.3.rel1.win32_1.0.100.202403111256/tools/bin/../lib/gcc/arm-none-eabi/12.3.1/../../../../arm-none-eabi/lib/thumb/v7e-m+fp/hard\libc_nano.a(libc_a-mallocr.o) (__malloc_lock)
C:/Users/user/Applications/STM32CubeIDE/plugins/com.st.stm32cube.ide.mcu.externaltools.gnu-tools-for-stm32.12.3.rel1.win32_1.0.100.202403111256/tools/bin/../lib/gcc/arm-none-eabi/12.3.1/../../../../arm-none-eabi/lib/thumb/v7e-m+fp/hard\libc_nano.a(libc_a-findfp.o)
                              C:/Users/user/Applications/STM32CubeIDE/plugins/com.st.stm32cube.ide.mcu.externaltools.gnu-tools-for-stm32.12.3.rel1.win32_1.0.100.202403111256/tools/bin/../lib/gcc/arm-none-eabi/12.3.1/../../../../arm-none-eabi/lib/thumb/v7e-m+fp/hard\libc_nano.a(libc_a-exit.o) (__stdio_exit_handler)
C:/Users/user/Applications/STM32CubeIDE/plugins/com.st.stm32cube.ide.mcu.externaltools.gnu-tools-for-stm32.12.3.rel1.win32_1.0.100.202403111256/tools/bin/../lib/gcc/arm-none-eabi/12.3.1/../../../../arm-none-eabi/lib/thumb/v7e-m+fp/hard\libc_nano.a(libc_a-fwalk.o)
                              C:/Users/user/Applications/STM32CubeIDE/plugins/com.st.stm32cube.ide.mcu.externaltools.gnu-tools-for-stm32.12.3.rel1.win32_1.0.100.202403111256/tools/bin/../lib/gcc/arm-none-eabi/12.3.1/../../../../arm-none-eabi/lib/thumb/v7e-m+fp/hard\libc_nano.a(libc_a-findfp.o) (_fwalk_sglue)
C:/Users/user/Applications/STM32CubeIDE/plugins/com.st.stm32cube.ide.mcu.externaltools.gnu-tools-for-stm32.12.3.rel1.win32_1.0.100.202403111256/tools/bin/../lib/gcc/arm-none-eabi/12.3.1/../../../../arm-none-eabi/lib/thumb/v7e-m+fp/hard\libc_nano.a(libc_a-stdio.o)
                              C:/Users/user/Applications/STM32CubeIDE/plugins/com.st.stm32cube.ide.mcu.externaltools.gnu-tools-for-stm32.12.3.rel1.win32_1.0.100.202403111256/tools/bin/../lib/gcc/arm-none-eabi/12.3.1/../../../../arm-none-eabi/lib/thumb/v7e-m+fp/hard\libc_nano.a(libc_a-findfp.o) (__sread)
C:/Users/user/Applications/STM32CubeIDE/plugins/com.st.stm32cube.ide.mcu.externaltools.gnu-tools-for-stm32.12.3.rel1.win32_1.0.100.202403111256/tools/bin/../lib/gcc/arm-none-eabi/12.3.1/../../../../arm-none-eabi/lib/thumb/v7e-m+fp/hard\libc_nano.a(libc_a-memset.o)
                              C:/Users/user/Applications/STM32CubeIDE/plugins/com.st.stm32cube.ide.mcu.externaltools.gnu-tools-for-stm32.12.3.rel1.win32_1.0.100.202403111256/tools/bin/../lib/gcc/arm-none-eabi/12.3.1/../../../../arm-none-eabi/lib/thumb/v7e-m+fp/hard/crt0.o (memset)
C:/Users/user/Applications/STM32CubeIDE/plugins/com.st.stm32cube.ide.mcu.externaltools.gnu-tools-for-stm32.12.3.rel1.win32_1.0.100.202403111256/tools/bin/../lib/gcc/arm-none-eabi/12.3.1/../../../../arm-none-eabi/lib/thumb/v7e-m+fp/hard\libc_nano.a(libc_a-closer.o)
                              C:/Users/user/Applications/STM32CubeIDE/plugins/com.st.stm32cube.ide.mcu.externaltools.gnu-tools-for-stm32.12.3.rel1.win32_1.0.100.202403111256/tools/bin/../lib/gcc/arm-none-eabi/12.3.1/../../../../arm-none-eabi/lib/thumb/v7e-m+fp/hard\libc_nano.a(libc_a-stdio.o) (_close_r)
[...]
Memory Configuration

Name             Origin             Length             Attributes
RAM              0x20000000         0x00020000         xrw
FLASH            0x08000000         0x00080000         xr
*default*        0x00000000         0xffffffff

Linker script and memory map

LOAD C:/Users/user/Applications/STM32CubeIDE/plugins/com.st.stm32cube.ide.mcu.externaltools.gnu-tools-for-stm32.12.3.rel1.win32_1.0.100.202403111256/tools/bin/../lib/gcc/arm-none-eabi/12.3.1/thumb/v7e-m+fp/hard/crti.o
LOAD C:/Users/user/Applications/STM32CubeIDE/plugins/com.st.stm32cube.ide.mcu.externaltools.gnu-tools-for-stm32.12.3.rel1.win32_1.0.100.202403111256/tools/bin/../lib/gcc/arm-none-eabi/12.3.1/thumb/v7e-m+fp/hard/crtbegin.o
LOAD C:/Users/user/Applications/STM32CubeIDE/plugins/com.st.stm32cube.ide.mcu.externaltools.gnu-tools-for-stm32.12.3.rel1.win32_1.0.100.202403111256/tools/bin/../lib/gcc/arm-none-eabi/12.3.1/../../../../arm-none-eabi/lib/thumb/v7e-m+fp/hard/crt0.o
LOAD ./Core/Src/hardware.o
LOAD ./Core/Src/main.o
LOAD ./Core/Src/parser.o
LOAD ./Core/Src/stm32f4xx_hal_msp.o
LOAD ./Core/Src/stm32f4xx_it.o
LOAD ./Core/Src/syscalls.o
LOAD ./Core/Src/sysmem.o
LOAD ./Core/Src/system_stm32f4xx.o
LOAD ./Core/Startup/startup_stm32f411ceux.o
LOAD ./Drivers/STM32F4xx_HAL_Driver/Src/stm32f4xx_hal.o
LOAD ./Drivers/STM32F4xx_HAL_Driver/Src/stm32f4xx_hal_adc.o
LOAD ./Drivers/STM32F4xx_HAL_Driver/Src/stm32f4xx_hal_adc_ex.o
LOAD ./Drivers/STM32F4xx_HAL_Driver/Src/stm32f4xx_hal_cortex.o
LOAD ./Drivers/STM32F4xx_HAL_Driver/Src/stm32f4xx_hal_dma.o
LOAD ./Drivers/STM32F4xx_HAL_Driver/Src/stm32f4xx_hal_dma_ex.o
LOAD ./Drivers/STM32F4xx_HAL_Driver/Src/stm32f4xx_hal_exti.o
LOAD ./Drivers/STM32F4xx_HAL_Driver/Src/stm32f4xx_hal_flash.o
LOAD ./Drivers/STM32F4xx_HAL_Driver/Src/stm32f4xx_hal_flash_ex.o
LOAD ./Drivers/STM32F4xx_HAL_Driver/Src/stm32f4xx_hal_flash_ramfunc.o
LOAD ./Drivers/STM32F4xx_HAL_Driver/Src/stm32f4xx_hal_gpio.o
LOAD ./Drivers/STM32F4xx_HAL_Driver/Src/stm32f4xx_hal_pwr.o
LOAD ./Drivers/STM32F4xx_HAL_Driver/Src/stm32f4xx_hal_pwr_ex.o
LOAD ./Drivers/STM32F4xx_HAL_Driver/Src/stm32f4xx_hal_rcc.o
LOAD ./Drivers/STM32F4xx_HAL_Driver/Src/stm32f4xx_hal_rcc_ex.o
LOAD ./Drivers/STM32F4xx_HAL_Driver/Src/stm32f4xx_hal_tim.o
LOAD ./Drivers/STM32F4xx_HAL_Driver/Src/stm32f4xx_hal_tim_ex.o
LOAD ./Drivers/STM32F4xx_HAL_Driver/Src/stm32f4xx_hal_uart.o
LOAD ./Drivers/STM32F4xx_HAL_Driver/Src/stm32f4xx_ll_adc.o
START GROUP
LOAD C:/Users/user/Applications/STM32CubeIDE/plugins/com.st.stm32cube.ide.mcu.externaltools.gnu-tools-for-stm32.12.3.rel1.win32_1.0.100.202403111256/tools/bin/../lib/gcc/arm-none-eabi/12.3.1/../../../../arm-none-eabi/lib/thumb/v7e-m+fp/hard\libc_nano.a
LOAD C:/Users/user/Applications/STM32CubeIDE/plugins/com.st.stm32cube.ide.mcu.externaltools.gnu-tools-for-stm32.12.3.rel1.win32_1.0.100.202403111256/tools/bin/../lib/gcc/arm-none-eabi/12.3.1/../../../../arm-none-eabi/lib/thumb/v7e-m+fp/hard\libm.a
END GROUP
START GROUP
LOAD C:/Users/user/Applications/STM32CubeIDE/plugins/com.st.stm32cube.ide.mcu.externaltools.gnu-tools-for-stm32.12.3.rel1.win32_1.0.100.202403111256/tools/bin/../lib/gcc/arm-none-eabi/12.3.1/thumb/v7e-m+fp/hard\libgcc.a
LOAD C:/Users/user/Applications/STM32CubeIDE/plugins/com.st.stm32cube.ide.mcu.externaltools.gnu-tools-for-stm32.12.3.rel1.win32_1.0.100.202403111256/tools/bin/../lib/gcc/arm-none-eabi/12.3.1/../../../../arm-none-eabi/lib/thumb/v7e-m+fp/hard\libc_nano.a
END GROUP
START GROUP
LOAD C:/Users/user/Applications/STM32CubeIDE/plugins/com.st.stm32cube.ide.mcu.externaltools.gnu-tools-for-stm32.12.3.rel1.win32_1.0.100.202403111256/tools/bin/../lib/gcc/arm-none-eabi/12.3.1/thumb/v7e-m+fp/hard\libgcc.a
LOAD C:/Users/user/Applications/STM32CubeIDE/plugins/com.st.stm32cube.ide.mcu.externaltools.gnu-tools-for-stm32.12.3.rel1.win32_1.0.100.202403111256/tools/bin/../lib/gcc/arm-none-eabi/12.3.1/../../../../arm-none-eabi/lib/thumb/v7e-m+fp/hard\libc_nano.a
LOAD C:/Users/user/Applications/STM32CubeIDE/plugins/com.st.stm32cube.ide.mcu.externaltools.gnu-tools-for-stm32.12.3.rel1.win32_1.0.100.202403111256/tools/bin/../lib/gcc/arm-none-eabi/12.3.1/../../../../arm-none-eabi/lib/thumb/v7e-m+fp/hard\libnosys.a
END GROUP
START GROUP
LOAD C:/Users/user/Applications/STM32CubeIDE/plugins/com.st.stm32cube.ide.mcu.externaltools.gnu-tools-for-stm32.12.3.rel1.win32_1.0.100.202403111256/tools/bin/../lib/gcc/arm-none-eabi/12.3.1/thumb/v7e-m+fp/hard\libgcc.a
LOAD C:/Users/user/Applications/STM32CubeIDE/plugins/com.st.stm32cube.ide.mcu.externaltools.gnu-tools-for-stm32.12.3.rel1.win32_1.0.100.202403111256/tools/bin/../lib/gcc/arm-none-eabi/12.3.1/../../../../arm-none-eabi/lib/thumb/v7e-m+fp/hard\libc_nano.a
LOAD C:/Users/user/Applications/STM32CubeIDE/plugins/com.st.stm32cube.ide.mcu.externaltools.gnu-tools-for-stm32.12.3.rel1.win32_1.0.100.202403111256/tools/bin/../lib/gcc/arm-none-eabi/12.3.1/../../../../arm-none-eabi/lib/thumb/v7e-m+fp/hard\libnosys.a
END GROUP
LOAD C:/Users/user/Applications/STM32CubeIDE/plugins/com.st.stm32cube.ide.mcu.externaltools.gnu-tools-for-stm32.12.3.rel1.win32_1.0.100.202403111256/tools/bin/../lib/gcc/arm-none-eabi/12.3.1/thumb/v7e-m+fp/hard/crtend.o
LOAD C:/Users/user/Applications/STM32CubeIDE/plugins/com.st.stm32cube.ide.mcu.externaltools.gnu-tools-for-stm32.12.3.rel1.win32_1.0.100.202403111256/tools/bin/../lib/gcc/arm-none-eabi/12.3.1/thumb/v7e-m+fp/hard/crtn.o
                0x20020000                        _estack = (ORIGIN (RAM) + LENGTH (RAM))
                0x00000200                        _Min_Heap_Size = 0x200
                0x00000400                        _Min_Stack_Size = 0x400

.isr_vector     0x08000000      0x198
                0x08000000                        . = ALIGN (0x4)
 *(.isr_vector)
 .isr_vector    0x08000000      0x198 ./Core/Startup/startup_stm32f411ceux.o
                0x08000000                g_pfnVectors
                0x08000198                        . = ALIGN (0x4)

.text           0x08000198     0x4580
                0x08000198                        . = ALIGN (0x4)
 *(.text)
 .text          0x08000198       0x40 C:/Users/user/Applications/STM32CubeIDE/plugins/com.st.stm32cube.ide.mcu.externaltools.gnu-tools-for-stm32.12.3.rel1.win32_1.0.100.202403111256/tools/bin/../lib/gcc/arm-none-eabi/12.3.1/thumb/v7e-m+fp/hard/crtbegin.o
 .text          0x080001d8       0x10 C:/Users/user/Applications/STM32CubeIDE/plugins/com.st.stm32cube.ide.mcu.externaltools.gnu-tools-for-stm32.12.3.rel1.win32_1.0.100.202403111256/tools/bin/../lib/gcc/arm-none-eabi/12.3.1/../../../../arm-none-eabi/lib/thumb/v7e-m+fp/hard\libc_nano.a(libc_a-strlen.o)
                0x080001d8                strlen
 .text          0x080001e8       0x30 C:/Users/user/Applications/STM32CubeIDE/plugins/com.st.stm32cube.ide.mcu.externaltools.gnu-tools-for-stm32.12.3.rel1.win32_1.0.100.202403111256/tools/bin/../lib/gcc/arm-none-eabi/12.3.1/thumb/v7e-m+fp/hard\libgcc.a(_aeabi_uldivmod.o)
                0x080001e8                __aeabi_uldivmod
 .text          0x08000218      0x2bc C:/Users/user/Applications/STM32CubeIDE/plugins/com.st.stm32cube.ide.mcu.externaltools.gnu-tools-for-stm32.12.3.rel1.win32_1.0.100.202403111256/tools/bin/../lib/gcc/arm-none-eabi/12.3.1/thumb/v7e-m+fp/hard\libgcc.a(_udivmoddi4.o)
                0x08000218                __udivmoddi4
 .text          0x080004d4        0x4 C:/Users/user/Applications/STM32CubeIDE/plugins/com.st.stm32cube.ide.mcu.externaltools.gnu-tools-for-stm32.12.3.rel1.win32_1.0.100.202403111256/tools/bin/../lib/gcc/arm-none-eabi/12.3.1/thumb/v7e-m+fp/hard\libgcc.a(_dvmd_tls.o)
                0x080004d4                __aeabi_idiv0
                0x080004d4                __aeabi_ldiv0
 *(.text*)
 .text.LL_ADC_IsActiveFlag_EOCS
                0x080004d8       0x26 ./Core/Src/hardware.o
 .text.LL_ADC_ClearFlag_EOCS
                0x080004fe       0x1c ./Core/Src/hardware.o
 *fill*         0x0800051a        0x2 
 .text.set_pins
                0x0800051c       0x84 ./Core/Src/hardware.o
                0x0800051c                set_pins
 .text.test_voltage
                0x080005a0      0x104 ./Core/Src/hardware.o
                0x080005a0                test_voltage
 .text.apply_relay
                0x080006a4       0x20 ./Core/Src/hardware.o
                0x080006a4                apply_relay
 .text.uart_tx_rx
                0x080006c4       0x8e ./Core/Src/hardware.o
                0x080006c4                uart_tx_rx
 *fill*         0x08000752        0x2 
 .text.apply_voltage_relay_1
                0x08000754       0x78 ./Core/Src/hardware.o
                0x08000754                apply_voltage_relay_1
 .text.test_voltage_4_point
                0x080007cc       0x90 ./Core/Src/hardware.o
                0x080007cc                test_voltage_4_point
 .text.test_voltage_current
                0x0800085c       0x42 ./Core/Src/hardware.o
                0x0800085c                test_voltage_current
 *fill*         0x0800089e        0x2 
 .text.apply_voltage_relay_2
                0x080008a0       0x78 ./Core/Src/hardware.o
                0x080008a0                apply_voltage_relay_2
 .text.test_voltage_11_point
                0x08000918      0x10c ./Core/Src/hardware.o
                0x08000918                test_voltage_11_point
 .text.test_corrent_laser
                0x08000a24      0x11c ./Core/Src/hardware.o
                0x08000a24                test_corrent_laser
 .text.test_voltage_peltie
                0x08000b40      0x1b4 ./Core/Src/hardware.o
                0x08000b40                test_voltage_peltie
 .text.apply_voltage_relay_5
                0x08000cf4       0x78 ./Core/Src/hardware.o
                0x08000cf4                apply_voltage_relay_5
 .text.massage_rs232
                0x08000d6c       0x68 ./Core/Src/hardware.o
                0x08000d6c                massage_rs232
 .text.massage_gps
                0x08000dd4       0x58 ./Core/Src/hardware.o
                0x08000dd4                massage_gps
 .text.main     0x08000e2c       0xa4 ./Core/Src/main.o
                0x08000e2c                main
 .text.SystemClock_Config
                0x08000ed0       0xd0 ./Core/Src/main.o
                0x08000ed0                SystemClock_Config
 .text.MX_ADC1_Init
                0x08000fa0       0xa4 ./Core/Src/main.o
 .text.MX_USART1_UART_Init
                0x08001044       0x54 ./Core/Src/main.o
 .text.MX_USART2_UART_Init
                0x08001098       0x54 ./Core/Src/main.o
 .text.MX_USART6_UART_Init
                0x080010ec       0x54 ./Core/Src/main.o
 .text.MX_GPIO_Init
                0x08001140       0xf0 ./Core/Src/main.o
 .text.HAL_UART_RxCpltCallback
                0x08001230       0x2c ./Core/Src/main.o
                0x08001230                HAL_UART_RxCpltCallback
 .text.Error_Handler
                0x0800125c        0xc ./Core/Src/main.o
                0x0800125c                Error_Handler
 .text.update_crc
                0x08001268       0x38 ./Core/Src/parser.o
 .text.calculate_crc
                0x080012a0       0x44 ./Core/Src/parser.o
 .text.serialize_reply
                0x080012e4       0xdc ./Core/Src/parser.o
                0x080012e4                serialize_reply
 .text.process_rx_byte
                0x080013c0      0x19c ./Core/Src/parser.o
                0x080013c0                process_rx_byte
 .text.choose_command
                0x0800155c       0xac ./Core/Src/parser.o
                0x0800155c                choose_command
 .text.transmission
                0x08001608       0x96 ./Core/Src/parser.o
                0x08001608                transmission
 *fill*         0x0800169e        0x2 
 .text.HAL_MspInit
                0x080016a0       0x50 ./Core/Src/stm32f4xx_hal_msp.o
                0x080016a0                HAL_MspInit
 .text.HAL_ADC_MspInit
                0x080016f0       0x88 ./Core/Src/stm32f4xx_hal_msp.o
                0x080016f0                HAL_ADC_MspInit
 .text.HAL_UART_MspInit
                0x08001778      0x184 ./Core/Src/stm32f4xx_hal_msp.o
                0x08001778                HAL_UART_MspInit
 .text.NMI_Handler
                0x080018fc        0x8 ./Core/Src/stm32f4xx_it.o
                0x080018fc                NMI_Handler
 .text.HardFault_Handler
                0x08001904        0x8 ./Core/Src/stm32f4xx_it.o
                0x08001904                HardFault_Handler
 .text.MemManage_Handler
                0x0800190c        0x8 ./Core/Src/stm32f4xx_it.o
                0x0800190c                MemManage_Handler
 .text.BusFault_Handler
                0x08001914        0x8 ./Core/Src/stm32f4xx_it.o
                0x08001914                BusFault_Handler
 .text.UsageFault_Handler
                0x0800191c        0x8 ./Core/Src/stm32f4xx_it.o
                0x0800191c                UsageFault_Handler
 .text.SVC_Handler
                0x08001924        0xe ./Core/Src/stm32f4xx_it.o
                0x08001924                SVC_Handler
 .text.DebugMon_Handler
                0x08001932        0xe ./Core/Src/stm32f4xx_it.o
                0x08001932                DebugMon_Handler
 .text.PendSV_Handler
                0x08001940        0xe ./Core/Src/stm32f4xx_it.o
                0x08001940                PendSV_Handler
 .text.SysTick_Handler
                0x0800194e        0xc ./Core/Src/stm32f4xx_it.o
                0x0800194e                SysTick_Handler
 *fill*         0x0800195a        0x2 
 .text.USART1_IRQHandler
                0x0800195c       0x14 ./Core/Src/stm32f4xx_it.o
                0x0800195c                USART1_IRQHandler
 .text.USART2_IRQHandler
                0x08001970       0x14 ./Core/Src/stm32f4xx_it.o
                0x08001970                USART2_IRQHandler
 .text._sbrk    0x08001984       0x6c ./Core/Src/sysmem.o
                0x08001984                _sbrk
 .text.SystemInit
                0x080019f0       0x24 ./Core/Src/system_stm32f4xx.o
                0x080019f0                SystemInit
 .text.Reset_Handler
                0x08001a14       0x50 ./Core/Startup/startup_stm32f411ceux.o
                0x08001a14                Reset_Handler
 .text.Default_Handler
                0x08001a64        0x2 ./Core/Startup/startup_stm32f411ceux.o
                0x08001a64                RTC_Alarm_IRQHandler
                0x08001a64                EXTI2_IRQHandler
                0x08001a64                SPI4_IRQHandler
                0x08001a64                TIM1_CC_IRQHandler
                0x08001a64                DMA2_Stream5_IRQHandler
                0x08001a64                DMA1_Stream5_IRQHandler
                0x08001a64                PVD_IRQHandler
                0x08001a64                SDIO_IRQHandler
                0x08001a64                TAMP_STAMP_IRQHandler
                0x08001a64                EXTI3_IRQHandler
                0x08001a64                TIM1_UP_TIM10_IRQHandler
                0x08001a64                I2C3_ER_IRQHandler
                0x08001a64                EXTI0_IRQHandler
                0x08001a64                I2C2_EV_IRQHandler
                0x08001a64                DMA1_Stream2_IRQHandler
                0x08001a64                FPU_IRQHandler
                0x08001a64                DMA2_Stream2_IRQHandler
                0x08001a64                SPI1_IRQHandler
                0x08001a64                TIM1_BRK_TIM9_IRQHandler
                0x08001a64                DMA2_Stream3_IRQHandler
                0x08001a64                USART6_IRQHandler
                0x08001a64                DMA2_Stream0_IRQHandler
                0x08001a64                TIM4_IRQHandler
                0x08001a64                I2C1_EV_IRQHandler
                0x08001a64                DMA1_Stream6_IRQHandler
                0x08001a64                DMA1_Stream1_IRQHandler
                0x08001a64                TIM3_IRQHandler
                0x08001a64                RCC_IRQHandler
                0x08001a64                Default_Handler
                0x08001a64                EXTI15_10_IRQHandler
                0x08001a64                ADC_IRQHandler
                0x08001a64                DMA1_Stream7_IRQHandler
                0x08001a64                SPI5_IRQHandler
                0x08001a64                TIM5_IRQHandler
                0x08001a64                DMA2_Stream7_IRQHandler
                0x08001a64                I2C3_EV_IRQHandler
                0x08001a64                EXTI9_5_IRQHandler
                0x08001a64                RTC_WKUP_IRQHandler
                0x08001a64                SPI2_IRQHandler
                0x08001a64                DMA1_Stream0_IRQHandler
                0x08001a64                EXTI4_IRQHandler
                0x08001a64                WWDG_IRQHandler
                0x08001a64                TIM2_IRQHandler
                0x08001a64                OTG_FS_WKUP_IRQHandler
                0x08001a64                TIM1_TRG_COM_TIM11_IRQHandler
                0x08001a64                EXTI1_IRQHandler
                0x08001a64                I2C2_ER_IRQHandler
                0x08001a64                DMA2_Stream1_IRQHandler
                0x08001a64                FLASH_IRQHandler
                0x08001a64                DMA2_Stream4_IRQHandler
                0x08001a64                OTG_FS_IRQHandler
                0x08001a64                SPI3_IRQHandler
                0x08001a64                DMA1_Stream4_IRQHandler
                0x08001a64                I2C1_ER_IRQHandler
                0x08001a64                DMA2_Stream6_IRQHandler
                0x08001a64                DMA1_Stream3_IRQHandler
 *fill*         0x08001a66        0x2 
 .text.HAL_Init
                0x08001a68       0x44 ./Drivers/STM32F4xx_HAL_Driver/Src/stm32f4xx_hal.o
                0x08001a68                HAL_Init
 .text.HAL_InitTick
                0x08001aac       0x60 ./Drivers/STM32F4xx_HAL_Driver/Src/stm32f4xx_hal.o
                0x08001aac                HAL_InitTick
 .text.HAL_IncTick
                0x08001b0c       0x28 ./Drivers/STM32F4xx_HAL_Driver/Src/stm32f4xx_hal.o
                0x08001b0c                HAL_IncTick
 .text.HAL_GetTick
                0x08001b34       0x18 ./Drivers/STM32F4xx_HAL_Driver/Src/stm32f4xx_hal.o
                0x08001b34                HAL_GetTick
 .text.HAL_ADC_Init
                0x08001b4c       0x86 ./Drivers/STM32F4xx_HAL_Driver/Src/stm32f4xx_hal_adc.o
                0x08001b4c                HAL_ADC_Init
 *fill*         0x08001bd2        0x2 
 .text.HAL_ADC_Start
                0x08001bd4      0x168 ./Drivers/STM32F4xx_HAL_Driver/Src/stm32f4xx_hal_adc.o
                0x08001bd4                HAL_ADC_Start
 .text.HAL_ADC_Stop
                0x08001d3c       0x66 ./Drivers/STM32F4xx_HAL_Driver/Src/stm32f4xx_hal_adc.o
                0x08001d3c                HAL_ADC_Stop
 .text.HAL_ADC_GetValue
                0x08001da2       0x1a ./Drivers/STM32F4xx_HAL_Driver/Src/stm32f4xx_hal_adc.o
                0x08001da2                HAL_ADC_GetValue
 .text.HAL_ADC_ConfigChannel
                0x08001dbc      0x264 ./Drivers/STM32F4xx_HAL_Driver/Src/stm32f4xx_hal_adc.o
                0x08001dbc                HAL_ADC_ConfigChannel
 .text.ADC_Init
                0x08002020      0x1f8 ./Drivers/STM32F4xx_HAL_Driver/Src/stm32f4xx_hal_adc.o
 .text.__NVIC_SetPriorityGrouping
                0x08002218       0x48 ./Drivers/STM32F4xx_HAL_Driver/Src/stm32f4xx_hal_cortex.o
 .text.__NVIC_GetPriorityGrouping
                0x08002260       0x1c ./Drivers/STM32F4xx_HAL_Driver/Src/stm32f4xx_hal_cortex.o
 .text.__NVIC_EnableIRQ
                0x0800227c       0x3c ./Drivers/STM32F4xx_HAL_Driver/Src/stm32f4xx_hal_cortex.o
 .text.__NVIC_SetPriority
                0x080022b8       0x54 ./Drivers/STM32F4xx_HAL_Driver/Src/stm32f4xx_hal_cortex.o
 .text.NVIC_EncodePriority
                0x0800230c       0x66 ./Drivers/STM32F4xx_HAL_Driver/Src/stm32f4xx_hal_cortex.o
 *fill*         0x08002372        0x2 
 .text.SysTick_Config
                0x08002374       0x44 ./Drivers/STM32F4xx_HAL_Driver/Src/stm32f4xx_hal_cortex.o
 .text.HAL_NVIC_SetPriorityGrouping
                0x080023b8       0x16 ./Drivers/STM32F4xx_HAL_Driver/Src/stm32f4xx_hal_cortex.o
                0x080023b8                HAL_NVIC_SetPriorityGrouping
 .text.HAL_NVIC_SetPriority
                0x080023ce       0x38 ./Drivers/STM32F4xx_HAL_Driver/Src/stm32f4xx_hal_cortex.o
                0x080023ce                HAL_NVIC_SetPriority
 .text.HAL_NVIC_EnableIRQ
                0x08002406       0x1c ./Drivers/STM32F4xx_HAL_Driver/Src/stm32f4xx_hal_cortex.o
                0x08002406                HAL_NVIC_EnableIRQ
 .text.HAL_SYSTICK_Config
                0x08002422       0x18 ./Drivers/STM32F4xx_HAL_Driver/Src/stm32f4xx_hal_cortex.o
                0x08002422                HAL_SYSTICK_Config
 .text.HAL_DMA_Abort
                0x0800243a       0xe0 ./Drivers/STM32F4xx_HAL_Driver/Src/stm32f4xx_hal_dma.o
                0x0800243a                HAL_DMA_Abort
 .text.HAL_DMA_Abort_IT
                0x0800251a       0x44 ./Drivers/STM32F4xx_HAL_Driver/Src/stm32f4xx_hal_dma.o
                0x0800251a                HAL_DMA_Abort_IT
 .text.HAL_DMA_GetError
                0x0800255e       0x18 ./Drivers/STM32F4xx_HAL_Driver/Src/stm32f4xx_hal_dma.o
                0x0800255e                HAL_DMA_GetError
 *fill*         0x08002576        0x2 
 .text.HAL_GPIO_Init
                0x08002578      0x308 ./Drivers/STM32F4xx_HAL_Driver/Src/stm32f4xx_hal_gpio.o
                0x08002578                HAL_GPIO_Init
 .text.HAL_GPIO_WritePin
                0x08002880       0x32 ./Drivers/STM32F4xx_HAL_Driver/Src/stm32f4xx_hal_gpio.o
                0x08002880                HAL_GPIO_WritePin
 *fill*         0x080028b2        0x2 
 .text.HAL_RCC_OscConfig
                0x080028b4      0x4f0 ./Drivers/STM32F4xx_HAL_Driver/Src/stm32f4xx_hal_rcc.o
                0x080028b4                HAL_RCC_OscConfig
 .text.HAL_RCC_ClockConfig
                0x08002da4      0x1cc ./Drivers/STM32F4xx_HAL_Driver/Src/stm32f4xx_hal_rcc.o
                0x08002da4                HAL_RCC_ClockConfig
 .text.HAL_RCC_GetSysClockFreq
                0x08002f70      0x18c ./Drivers/STM32F4xx_HAL_Driver/Src/stm32f4xx_hal_rcc.o
                0x08002f70                HAL_RCC_GetSysClockFreq
 .text.HAL_RCC_GetHCLKFreq
                0x080030fc       0x18 ./Drivers/STM32F4xx_HAL_Driver/Src/stm32f4xx_hal_rcc.o
                0x080030fc                HAL_RCC_GetHCLKFreq
 .text.HAL_RCC_GetPCLK1Freq
                0x08003114       0x28 ./Drivers/STM32F4xx_HAL_Driver/Src/stm32f4xx_hal_rcc.o
                0x08003114                HAL_RCC_GetPCLK1Freq
 .text.HAL_RCC_GetPCLK2Freq
                0x0800313c       0x28 ./Drivers/STM32F4xx_HAL_Driver/Src/stm32f4xx_hal_rcc.o
                0x0800313c                HAL_RCC_GetPCLK2Freq
 .text.HAL_UART_Init
                0x08003164       0xa0 ./Drivers/STM32F4xx_HAL_Driver/Src/stm32f4xx_hal_uart.o
                0x08003164                HAL_UART_Init
 .text.HAL_UART_Transmit
                0x08003204      0x116 ./Drivers/STM32F4xx_HAL_Driver/Src/stm32f4xx_hal_uart.o
                0x08003204                HAL_UART_Transmit
 .text.HAL_UART_Receive
                0x0800331a      0x12e ./Drivers/STM32F4xx_HAL_Driver/Src/stm32f4xx_hal_uart.o
                0x0800331a                HAL_UART_Receive
 .text.HAL_UART_Transmit_IT
                0x08003448       0x6c ./Drivers/STM32F4xx_HAL_Driver/Src/stm32f4xx_hal_uart.o
                0x08003448                HAL_UART_Transmit_IT
 .text.HAL_UART_Receive_IT
                0x080034b4       0x4a ./Drivers/STM32F4xx_HAL_Driver/Src/stm32f4xx_hal_uart.o
                0x080034b4                HAL_UART_Receive_IT
 .text.HAL_UART_AbortReceive
                0x080034fe      0x146 ./Drivers/STM32F4xx_HAL_Driver/Src/stm32f4xx_hal_uart.o
                0x080034fe                HAL_UART_AbortReceive
 .text.HAL_UART_IRQHandler
                0x08003644      0x524 ./Drivers/STM32F4xx_HAL_Driver/Src/stm32f4xx_hal_uart.o
                0x08003644                HAL_UART_IRQHandler
 .text.HAL_UART_TxCpltCallback
                0x08003b68       0x14 ./Drivers/STM32F4xx_HAL_Driver/Src/stm32f4xx_hal_uart.o
                0x08003b68                HAL_UART_TxCpltCallback
 .text.HAL_UART_ErrorCallback
                0x08003b7c       0x14 ./Drivers/STM32F4xx_HAL_Driver/Src/stm32f4xx_hal_uart.o
                0x08003b7c                HAL_UART_ErrorCallback
 .text.HAL_UARTEx_RxEventCallback
                0x08003b90       0x18 ./Drivers/STM32F4xx_HAL_Driver/Src/stm32f4xx_hal_uart.o
                0x08003b90                HAL_UARTEx_RxEventCallback
 .text.UART_WaitOnFlagUntilTimeout
                0x08003ba8       0xb2 ./Drivers/STM32F4xx_HAL_Driver/Src/stm32f4xx_hal_uart.o
 .text.UART_Start_Receive_IT
                0x08003c5a       0x74 ./Drivers/STM32F4xx_HAL_Driver/Src/stm32f4xx_hal_uart.o
                0x08003c5a                UART_Start_Receive_IT
 .text.UART_EndRxTransfer
                0x08003cce       0xc6 ./Drivers/STM32F4xx_HAL_Driver/Src/stm32f4xx_hal_uart.o
 .text.UART_DMAAbortOnError
                0x08003d94       0x28 ./Drivers/STM32F4xx_HAL_Driver/Src/stm32f4xx_hal_uart.o
 .text.UART_Transmit_IT
                0x08003dbc       0xa0 ./Drivers/STM32F4xx_HAL_Driver/Src/stm32f4xx_hal_uart.o
 .text.UART_EndTransmit_IT
                0x08003e5c       0x30 ./Drivers/STM32F4xx_HAL_Driver/Src/stm32f4xx_hal_uart.o
 .text.UART_Receive_IT
                0x08003e8c      0x17c ./Drivers/STM32F4xx_HAL_Driver/Src/stm32f4xx_hal_uart.o
 .text.UART_SetConfig
                0x08004008      0x4e8 ./Drivers/STM32F4xx_HAL_Driver/Src/stm32f4xx_hal_uart.o
 .text.malloc   0x080044f0       0x10 C:/Users/user/Applications/STM32CubeIDE/plugins/com.st.stm32cube.ide.mcu.externaltools.gnu-tools-for-stm32.12.3.rel1.win32_1.0.100.202403111256/tools/bin/../lib/gcc/arm-none-eabi/12.3.1/../../../../arm-none-eabi/lib/thumb/v7e-m+fp/hard\libc_nano.a(libc_a-malloc.o)
                0x080044f0                malloc
 .text.sbrk_aligned
                0x08004500       0x44 C:/Users/user/Applications/STM32CubeIDE/plugins/com.st.stm32cube.ide.mcu.externaltools.gnu-tools-for-stm32.12.3.rel1.win32_1.0.100.202403111256/tools/bin/../lib/gcc/arm-none-eabi/12.3.1/../../../../arm-none-eabi/lib/thumb/v7e-m+fp/hard\libc_nano.a(libc_a-mallocr.o)
 .text._malloc_r
                0x08004544      0x100 C:/Users/user/Applications/STM32CubeIDE/plugins/com.st.stm32cube.ide.mcu.externaltools.gnu-tools-for-stm32.12.3.rel1.win32_1.0.100.202403111256/tools/bin/../lib/gcc/arm-none-eabi/12.3.1/../../../../arm-none-eabi/lib/thumb/v7e-m+fp/hard\libc_nano.a(libc_a-mallocr.o)
                0x08004544                _malloc_r
 .text.__malloc_lock
                0x08004644        0xc C:/Users/user/Applications/STM32CubeIDE/plugins/com.st.stm32cube.ide.mcu.externaltools.gnu-tools-for-stm32.12.3.rel1.win32_1.0.100.202403111256/tools/bin/../lib/gcc/arm-none-eabi/12.3.1/../../../../arm-none-eabi/lib/thumb/v7e-m+fp/hard\libc_nano.a(libc_a-mlock.o)
                0x08004644                __malloc_lock
 .text.__malloc_unlock
                0x08004650        0xc C:/Users/user/Applications/STM32CubeIDE/plugins/com.st.stm32cube.ide.mcu.externaltools.gnu-tools-for-stm32.12.3.rel1.win32_1.0.100.202403111256/tools/bin/../lib/gcc/arm-none-eabi/12.3.1/../../../../arm-none-eabi/lib/thumb/v7e-m+fp/hard\libc_nano.a(libc_a-mlock.o)
                0x08004650                __malloc_unlock
 .text.memset   0x0800465c       0x10 C:/Users/user/Applications/STM32CubeIDE/plugins/com.st.stm32cube.ide.mcu.externaltools.gnu-tools-for-stm32.12.3.rel1.win32_1.0.100.202403111256/tools/bin/../lib/gcc/arm-none-eabi/12.3.1/../../../../arm-none-eabi/lib/thumb/v7e-m+fp/hard\libc_nano.a(libc_a-memset.o)
                0x0800465c                memset
 .text._sbrk_r  0x0800466c       0x20 C:/Users/user/Applications/STM32CubeIDE/plugins/com.st.stm32cube.ide.mcu.externaltools.gnu-tools-for-stm32.12.3.rel1.win32_1.0.100.202403111256/tools/bin/../lib/gcc/arm-none-eabi/12.3.1/../../../../arm-none-eabi/lib/thumb/v7e-m+fp/hard\libc_nano.a(libc_a-sbrkr.o)
                0x0800466c                _sbrk_r
 .text.__errno  0x0800468c        0xc C:/Users/user/Applications/STM32CubeIDE/plugins/com.st.stm32cube.ide.mcu.externaltools.gnu-tools-for-stm32.12.3.rel1.win32_1.0.100.202403111256/tools/bin/../lib/gcc/arm-none-eabi/12.3.1/../../../../arm-none-eabi/lib/thumb/v7e-m+fp/hard\libc_nano.a(libc_a-errno.o)
                0x0800468c                __errno
 .text.__libc_init_array
                0x08004698       0x48 C:/Users/user/Applications/STM32CubeIDE/plugins/com.st.stm32cube.ide.mcu.externaltools.gnu-tools-for-stm32.12.3.rel1.win32_1.0.100.202403111256/tools/bin/../lib/gcc/arm-none-eabi/12.3.1/../../../../arm-none-eabi/lib/thumb/v7e-m+fp/hard\libc_nano.a(libc_a-init.o)
                0x08004698                __libc_init_array
 .text.__retarget_lock_acquire_recursive
                0x080046e0        0x2 C:/Users/user/Applications/STM32CubeIDE/plugins/com.st.stm32cube.ide.mcu.externaltools.gnu-tools-for-stm32.12.3.rel1.win32_1.0.100.202403111256/tools/bin/../lib/gcc/arm-none-eabi/12.3.1/../../../../arm-none-eabi/lib/thumb/v7e-m+fp/hard\libc_nano.a(libc_a-lock.o)
                0x080046e0                __retarget_lock_acquire_recursive
 .text.__retarget_lock_release_recursive
                0x080046e2        0x2 C:/Users/user/Applications/STM32CubeIDE/plugins/com.st.stm32cube.ide.mcu.externaltools.gnu-tools-for-stm32.12.3.rel1.win32_1.0.100.202403111256/tools/bin/../lib/gcc/arm-none-eabi/12.3.1/../../../../arm-none-eabi/lib/thumb/v7e-m+fp/hard\libc_nano.a(libc_a-lock.o)
                0x080046e2                __retarget_lock_release_recursive
 .text.memcpy   0x080046e4       0x1c C:/Users/user/Applications/STM32CubeIDE/plugins/com.st.stm32cube.ide.mcu.externaltools.gnu-tools-for-stm32.12.3.rel1.win32_1.0.100.202403111256/tools/bin/../lib/gcc/arm-none-eabi/12.3.1/../../../../arm-none-eabi/lib/thumb/v7e-m+fp/hard\libc_nano.a(libc_a-memcpy-stub.o)
                0x080046e4                memcpy
 *(.glue_7)
 .glue_7        0x08004700        0x0 linker stubs
 *(.glue_7t)
 .glue_7t       0x08004700        0x0 linker stubs
 *(.eh_frame)
 .eh_frame      0x08004700        0x0 C:/Users/user/Applications/STM32CubeIDE/plugins/com.st.stm32cube.ide.mcu.externaltools.gnu-tools-for-stm32.12.3.rel1.win32_1.0.100.202403111256/tools/bin/../lib/gcc/arm-none-eabi/12.3.1/thumb/v7e-m+fp/hard/crtbegin.o
 *(.init)
 .init          0x08004700        0x4 C:/Users/user/Applications/STM32CubeIDE/plugins/com.st.stm32cube.ide.mcu.externaltools.gnu-tools-for-stm32.12.3.rel1.win32_1.0.100.202403111256/tools/bin/../lib/gcc/arm-none-eabi/12.3.1/thumb/v7e-m+fp/hard/crti.o
                0x08004700                _init
 .init          0x08004704        0x8 C:/Users/user/Applications/STM32CubeIDE/plugins/com.st.stm32cube.ide.mcu.externaltools.gnu-tools-for-stm32.12.3.rel1.win32_1.0.100.202403111256/tools/bin/../lib/gcc/arm-none-eabi/12.3.1/thumb/v7e-m+fp/hard/crtn.o
 *(.fini)
 .fini          0x0800470c        0x4 C:/Users/user/Applications/STM32CubeIDE/plugins/com.st.stm32cube.ide.mcu.externaltools.gnu-tools-for-stm32.12.3.rel1.win32_1.0.100.202403111256/tools/bin/../lib/gcc/arm-none-eabi/12.3.1/thumb/v7e-m+fp/hard/crti.o
                0x0800470c                _fini
 .fini          0x08004710        0x8 C:/Users/user/Applications/STM32CubeIDE/plugins/com.st.stm32cube.ide.mcu.externaltools.gnu-tools-for-stm32.12.3.rel1.win32_1.0.100.202403111256/tools/bin/../lib/gcc/arm-none-eabi/12.3.1/thumb/v7e-m+fp/hard/crtn.o
                0x08004718                        . = ALIGN (0x4)
                0x08004718                        _etext = .

.vfp11_veneer   0x08004718        0x0
 .vfp11_veneer  0x08004718        0x0 linker stubs

.v4_bx          0x08004718        0x0
 .v4_bx         0x08004718        0x0 linker stubs

.iplt           0x08004718        0x0
 .iplt          0x08004718        0x0 C:/Users/user/Applications/STM32CubeIDE/plugins/com.st.stm32cube.ide.mcu.externaltools.gnu-tools-for-stm32.12.3.rel1.win32_1.0.100.202403111256/tools/bin/../lib/gcc/arm-none-eabi/12.3.1/thumb/v7e-m+fp/hard/crtbegin.o

.rodata         0x08004718      0x26c
                0x08004718                        . = ALIGN (0x4)
 *(.rodata)
 .rodata        0x08004718       0x53 ./Core/Src/hardware.o
 *(.rodata*)
 *fill*         0x0800476b        0x1 
 .rodata.crc16_table
                0x0800476c      0x200 ./Core/Src/parser.o
 .rodata.AHBPrescTable
                0x0800496c       0x10 ./Core/Src/system_stm32f4xx.o
                0x0800496c                AHBPrescTable
 .rodata.APBPrescTable
                0x0800497c        0x8 ./Core/Src/system_stm32f4xx.o
                0x0800497c                APBPrescTable
                0x08004984                        . = ALIGN (0x4)

.ARM.extab      0x08004984        0x0
                0x08004984                        . = ALIGN (0x4)
 *(.ARM.extab* .gnu.linkonce.armextab.*)
                0x08004984                        . = ALIGN (0x4)

.ARM            0x08004984        0x8
                0x08004984                        . = ALIGN (0x4)
                0x08004984                        __exidx_start = .
 *(.ARM.exidx*)
 .ARM.exidx     0x08004984        0x8 C:/Users/user/Applications/STM32CubeIDE/plugins/com.st.stm32cube.ide.mcu.externaltools.gnu-tools-for-stm32.12.3.rel1.win32_1.0.100.202403111256/tools/bin/../lib/gcc/arm-none-eabi/12.3.1/../../../../arm-none-eabi/lib/thumb/v7e-m+fp/hard\libc_nano.a(libc_a-strlen.o)
 .ARM.exidx     0x0800498c        0x0 C:/Users/user/Applications/STM32CubeIDE/plugins/com.st.stm32cube.ide.mcu.externaltools.gnu-tools-for-stm32.12.3.rel1.win32_1.0.100.202403111256/tools/bin/../lib/gcc/arm-none-eabi/12.3.1/thumb/v7e-m+fp/hard\libgcc.a(_udivmoddi4.o)
                                  0x8 (size before relaxing)
                0x0800498c                        __exidx_end = .
                0x0800498c                        . = ALIGN (0x4)

.preinit_array  0x0800498c        0x0
                0x0800498c                        . = ALIGN (0x4)
                0x0800498c                        PROVIDE (__preinit_array_start = .)
 *(.preinit_array*)
                0x0800498c                        PROVIDE (__preinit_array_end = .)
                0x0800498c                        . = ALIGN (0x4)

.init_array     0x0800498c        0x4
                0x0800498c                        . = ALIGN (0x4)
                0x0800498c                        PROVIDE (__init_array_start = .)
 *(SORT_BY_NAME(.init_array.*))
 *(.init_array*)
 .init_array    0x0800498c        0x4 C:/Users/user/Applications/STM32CubeIDE/plugins/com.st.stm32cube.ide.mcu.externaltools.gnu-tools-for-stm32.12.3.rel1.win32_1.0.100.202403111256/tools/bin/../lib/gcc/arm-none-eabi/12.3.1/thumb/v7e-m+fp/hard/crtbegin.o
                0x08004990                        PROVIDE (__init_array_end = .)
                0x08004990                        . = ALIGN (0x4)

.fini_array     0x08004990        0x4
                0x08004990                        . = ALIGN (0x4)
                [!provide]                        PROVIDE (__fini_array_start = .)
 *(SORT_BY_NAME(.fini_array.*))
 *(.fini_array*)
 .fini_array    0x08004990        0x4 C:/Users/user/Applications/STM32CubeIDE/plugins/com.st.stm32cube.ide.mcu.externaltools.gnu-tools-for-stm32.12.3.rel1.win32_1.0.100.202403111256/tools/bin/../lib/gcc/arm-none-eabi/12.3.1/thumb/v7e-m+fp/hard/crtbegin.o
                [!provide]                        PROVIDE (__fini_array_end = .)
                0x08004994                        . = ALIGN (0x4)
                0x08004994                        _sidata = LOADADDR (.data)

.rel.dyn        0x08004994        0x0
 .rel.iplt      0x08004994        0x0 C:/Users/user/Applications/STM32CubeIDE/plugins/com.st.stm32cube.ide.mcu.externaltools.gnu-tools-for-stm32.12.3.rel1.win32_1.0.100.202403111256/tools/bin/../lib/gcc/arm-none-eabi/12.3.1/thumb/v7e-m+fp/hard/crtbegin.o

.data           0x20000000       0x5c load address 0x08004994
                0x20000000                        . = ALIGN (0x4)
                0x20000000                        _sdata = .
 *(.data)
 *(.data*)
 .data.SystemCoreClock
                0x20000000        0x4 ./Core/Src/system_stm32f4xx.o
                0x20000000                SystemCoreClock
 .data.uwTickPrio
                0x20000004        0x4 ./Drivers/STM32F4xx_HAL_Driver/Src/stm32f4xx_hal.o
                0x20000004                uwTickPrio
 .data.uwTickFreq
                0x20000008        0x1 ./Drivers/STM32F4xx_HAL_Driver/Src/stm32f4xx_hal.o
                0x20000008                uwTickFreq
 *fill*         0x20000009        0x3 
 .data._impure_ptr
                0x2000000c        0x4 C:/Users/user/Applications/STM32CubeIDE/plugins/com.st.stm32cube.ide.mcu.externaltools.gnu-tools-for-stm32.12.3.rel1.win32_1.0.100.202403111256/tools/bin/../lib/gcc/arm-none-eabi/12.3.1/../../../../arm-none-eabi/lib/thumb/v7e-m+fp/hard\libc_nano.a(libc_a-impure.o)
                0x2000000c                _impure_ptr
 .data._impure_data
                0x20000010       0x4c C:/Users/user/Applications/STM32CubeIDE/plugins/com.st.stm32cube.ide.mcu.externaltools.gnu-tools-for-stm32.12.3.rel1.win32_1.0.100.202403111256/tools/bin/../lib/gcc/arm-none-eabi/12.3.1/../../../../arm-none-eabi/lib/thumb/v7e-m+fp/hard\libc_nano.a(libc_a-impure.o)
                0x20000010                _impure_data
 *(.RamFunc)
 *(.RamFunc*)
                0x2000005c                        . = ALIGN (0x4)
                0x2000005c                        _edata = .

.igot.plt       0x2000005c        0x0 load address 0x080049f0
 .igot.plt      0x2000005c        0x0 C:/Users/user/Applications/STM32CubeIDE/plugins/com.st.stm32cube.ide.mcu.externaltools.gnu-tools-for-stm32.12.3.rel1.win32_1.0.100.202403111256/tools/bin/../lib/gcc/arm-none-eabi/12.3.1/thumb/v7e-m+fp/hard/crtbegin.o
                0x2000005c                        . = ALIGN (0x4)

.bss            0x2000005c      0x384 load address 0x080049f0
                0x2000005c                        _sbss = .
                0x2000005c                        __bss_start__ = _sbss
 *(.bss)
 .bss           0x2000005c       0x1c C:/Users/user/Applications/STM32CubeIDE/plugins/com.st.stm32cube.ide.mcu.externaltools.gnu-tools-for-stm32.12.3.rel1.win32_1.0.100.202403111256/tools/bin/../lib/gcc/arm-none-eabi/12.3.1/thumb/v7e-m+fp/hard/crtbegin.o
 *(.bss*)
 .bss.vol_raw   0x20000078        0x2 ./Core/Src/hardware.o
                0x20000078                vol_raw
 *fill*         0x2000007a        0x2 
 .bss.vol_average
                0x2000007c        0x4 ./Core/Src/hardware.o
                0x2000007c                vol_average
 .bss.rx_byte   0x20000080        0x1 ./Core/Src/main.o
                0x20000080                rx_byte
 .bss.status    0x20000081        0x1 ./Core/Src/main.o
                0x20000081                status
 *fill*         0x20000082        0x2 
 .bss.hadc1     0x20000084       0x48 ./Core/Src/main.o
                0x20000084                hadc1
 .bss.huart1    0x200000cc       0x48 ./Core/Src/main.o
                0x200000cc                huart1
 .bss.huart2    0x20000114       0x48 ./Core/Src/main.o
                0x20000114                huart2
 .bss.huart6    0x2000015c       0x48 ./Core/Src/main.o
                0x2000015c                huart6
 .bss.parser    0x200001a4       0xd8 ./Core/Src/parser.o
                0x200001a4                parser
 .bss.data      0x2000027c       0x10 ./Core/Src/parser.o
                0x2000027c                data
 .bss.PAYLOAD_SIZE.0
                0x2000028c        0x2 ./Core/Src/parser.o
 *fill*         0x2000028e        0x2 
 .bss.__sbrk_heap_end
                0x20000290        0x4 ./Core/Src/sysmem.o
 .bss.uwTick    0x20000294        0x4 ./Drivers/STM32F4xx_HAL_Driver/Src/stm32f4xx_hal.o
                0x20000294                uwTick
 .bss.__malloc_sbrk_start
                0x20000298        0x4 C:/Users/user/Applications/STM32CubeIDE/plugins/com.st.stm32cube.ide.mcu.externaltools.gnu-tools-for-stm32.12.3.rel1.win32_1.0.100.202403111256/tools/bin/../lib/gcc/arm-none-eabi/12.3.1/../../../../arm-none-eabi/lib/thumb/v7e-m+fp/hard\libc_nano.a(libc_a-mallocr.o)
                0x20000298                __malloc_sbrk_start
 .bss.__malloc_free_list
                0x2000029c        0x4 C:/Users/user/Applications/STM32CubeIDE/plugins/com.st.stm32cube.ide.mcu.externaltools.gnu-tools-for-stm32.12.3.rel1.win32_1.0.100.202403111256/tools/bin/../lib/gcc/arm-none-eabi/12.3.1/../../../../arm-none-eabi/lib/thumb/v7e-m+fp/hard\libc_nano.a(libc_a-mallocr.o)
                0x2000029c                __malloc_free_list
 .bss.__sf      0x200002a0      0x138 C:/Users/user/Applications/STM32CubeIDE/plugins/com.st.stm32cube.ide.mcu.externaltools.gnu-tools-for-stm32.12.3.rel1.win32_1.0.100.202403111256/tools/bin/../lib/gcc/arm-none-eabi/12.3.1/../../../../arm-none-eabi/lib/thumb/v7e-m+fp/hard\libc_nano.a(libc_a-findfp.o)
                0x200002a0                __sf
 .bss.errno     0x200003d8        0x4 C:/Users/user/Applications/STM32CubeIDE/plugins/com.st.stm32cube.ide.mcu.externaltools.gnu-tools-for-stm32.12.3.rel1.win32_1.0.100.202403111256/tools/bin/../lib/gcc/arm-none-eabi/12.3.1/../../../../arm-none-eabi/lib/thumb/v7e-m+fp/hard\libc_nano.a(libc_a-reent.o)
                0x200003d8                errno
 .bss.__lock___malloc_recursive_mutex
                0x200003dc        0x1 C:/Users/user/Applications/STM32CubeIDE/plugins/com.st.stm32cube.ide.mcu.externaltools.gnu-tools-for-stm32.12.3.rel1.win32_1.0.100.202403111256/tools/bin/../lib/gcc/arm-none-eabi/12.3.1/../../../../arm-none-eabi/lib/thumb/v7e-m+fp/hard\libc_nano.a(libc_a-lock.o)
                0x200003dc                __lock___malloc_recursive_mutex
 *(COMMON)
                0x200003e0                        . = ALIGN (0x4)
 *fill*         0x200003dd        0x3 
                0x200003e0                        _ebss = .
                0x200003e0                        __bss_end__ = _ebss

._user_heap_stack
                0x200003e0      0x600 load address 0x080049f0
                0x200003e0                        . = ALIGN (0x8)
                [!provide]                        PROVIDE (end = .)
                0x200003e0                        PROVIDE (_end = .)
                0x200005e0                        . = (. + _Min_Heap_Size)
 *fill*         0x200003e0      0x200 
                0x200009e0                        . = (. + _Min_Stack_Size)
 *fill*         0x200005e0      0x400 
                0x200009e0                        . = ALIGN (0x8)

/DISCARD/
 libc.a(*)
 libm.a(*)
 libgcc.a(*)

.ARM.attributes
                0x00000000       0x30
 *(.ARM.attributes)
 .ARM.attributes
                0x00000000       0x22 C:/Users/user/Applications/STM32CubeIDE/plugins/com.st.stm32cube.ide.mcu.externaltools.gnu-tools-for-stm32.12.3.rel1.win32_1.0.100.202403111256/tools/bin/../lib/gcc/arm-none-eabi/12.3.1/thumb/v7e-m+fp/hard/crti.o
 .ARM.attributes
                0x00000022       0x34 C:/Users/user/Applications/STM32CubeIDE/plugins/com.st.stm32cube.ide.mcu.externaltools.gnu-tools-for-stm32.12.3.rel1.win32_1.0.100.202403111256/tools/bin/../lib/gcc/arm-none-eabi/12.3.1/thumb/v7e-m+fp/hard/crtbegin.o
 .ARM.attributes
                0x00000056       0x34 ./Core/Src/hardware.o
 .ARM.attributes
                0x0000008a       0x34 ./Core/Src/main.o
 .ARM.attributes
                0x000000be       0x34 ./Core/Src/parser.o
 .ARM.attributes
                0x000000f2       0x34 ./Core/Src/stm32f4xx_hal_msp.o
 .ARM.attributes
                0x00000126       0x34 ./Core/Src/stm32f4xx_it.o
 .ARM.attributes
                0x0000015a       0x34 ./Core/Src/sysmem.o
 .ARM.attributes
                0x0000018e       0x34 ./Core/Src/system_stm32f4xx.o
 .ARM.attributes
                0x000001c2       0x21 ./Core/Startup/startup_stm32f411ceux.o
 .ARM.attributes
                0x000001e3       0x34 ./Drivers/STM32F4xx_HAL_Driver/Src/stm32f4xx_hal.o
 .ARM.attributes
                0x00000217       0x34 ./Drivers/STM32F4xx_HAL_Driver/Src/stm32f4xx_hal_adc.o
 .ARM.attributes
                0x0000024b       0x34 ./Drivers/STM32F4xx_HAL_Driver/Src/stm32f4xx_hal_cortex.o
 .ARM.attributes
                0x0000027f       0x34 ./Drivers/STM32F4xx_HAL_Driver/Src/stm32f4xx_hal_dma.o
 .ARM.attributes
                0x000002b3       0x34 ./Drivers/STM32F4xx_HAL_Driver/Src/stm32f4xx_hal_gpio.o
 .ARM.attributes
                0x000002e7       0x34 ./Drivers/STM32F4xx_HAL_Driver/Src/stm32f4xx_hal_rcc.o
 .ARM.attributes
                0x0000031b       0x34 ./Drivers/STM32F4xx_HAL_Driver/Src/stm32f4xx_hal_uart.o
 .ARM.attributes
                0x0000034f       0x34 C:/Users/user/Applications/STM32CubeIDE/plugins/com.st.stm32cube.ide.mcu.externaltools.gnu-tools-for-stm32.12.3.rel1.win32_1.0.100.202403111256/tools/bin/../lib/gcc/arm-none-eabi/12.3.1/../../../../arm-none-eabi/lib/thumb/v7e-m+fp/hard\libc_nano.a(libc_a-malloc.o)
 .ARM.attributes
                0x00000383       0x34 C:/Users/user/Applications/STM32CubeIDE/plugins/com.st.stm32cube.ide.mcu.externaltools.gnu-tools-for-stm32.12.3.rel1.win32_1.0.100.202403111256/tools/bin/../lib/gcc/arm-none-eabi/12.3.1/../../../../arm-none-eabi/lib/thumb/v7e-m+fp/hard\libc_nano.a(libc_a-mallocr.o)
 .ARM.attributes
                0x000003b7       0x34 C:/Users/user/Applications/STM32CubeIDE/plugins/com.st.stm32cube.ide.mcu.externaltools.gnu-tools-for-stm32.12.3.rel1.win32_1.0.100.202403111256/tools/bin/../lib/gcc/arm-none-eabi/12.3.1/../../../../arm-none-eabi/lib/thumb/v7e-m+fp/hard\libc_nano.a(libc_a-mlock.o)
 .ARM.attributes
                0x000003eb       0x34 C:/Users/user/Applications/STM32CubeIDE/plugins/com.st.stm32cube.ide.mcu.externaltools.gnu-tools-for-stm32.12.3.rel1.win32_1.0.100.202403111256/tools/bin/../lib/gcc/arm-none-eabi/12.3.1/../../../../arm-none-eabi/lib/thumb/v7e-m+fp/hard\libc_nano.a(libc_a-findfp.o)
 .ARM.attributes
                0x0000041f       0x34 C:/Users/user/Applications/STM32CubeIDE/plugins/com.st.stm32cube.ide.mcu.externaltools.gnu-tools-for-stm32.12.3.rel1.win32_1.0.100.202403111256/tools/bin/../lib/gcc/arm-none-eabi/12.3.1/../../../../arm-none-eabi/lib/thumb/v7e-m+fp/hard\libc_nano.a(libc_a-memset.o)
 .ARM.attributes
                0x00000453       0x34 C:/Users/user/Applications/STM32CubeIDE/plugins/com.st.stm32cube.ide.mcu.externaltools.gnu-tools-for-stm32.12.3.rel1.win32_1.0.100.202403111256/tools/bin/../lib/gcc/arm-none-eabi/12.3.1/../../../../arm-none-eabi/lib/thumb/v7e-m+fp/hard\libc_nano.a(libc_a-reent.o)
 .ARM.attributes
                0x00000487       0x34 C:/Users/user/Applications/STM32CubeIDE/plugins/com.st.stm32cube.ide.mcu.externaltools.gnu-tools-for-stm32.12.3.rel1.win32_1.0.100.202403111256/tools/bin/../lib/gcc/arm-none-eabi/12.3.1/../../../../arm-none-eabi/lib/thumb/v7e-m+fp/hard\libc_nano.a(libc_a-impure.o)
 .ARM.attributes
                0x000004bb       0x34 C:/Users/user/Applications/STM32CubeIDE/plugins/com.st.stm32cube.ide.mcu.externaltools.gnu-tools-for-stm32.12.3.rel1.win32_1.0.100.202403111256/tools/bin/../lib/gcc/arm-none-eabi/12.3.1/../../../../arm-none-eabi/lib/thumb/v7e-m+fp/hard\libc_nano.a(libc_a-sbrkr.o)
 .ARM.attributes
                0x000004ef       0x34 C:/Users/user/Applications/STM32CubeIDE/plugins/com.st.stm32cube.ide.mcu.externaltools.gnu-tools-for-stm32.12.3.rel1.win32_1.0.100.202403111256/tools/bin/../lib/gcc/arm-none-eabi/12.3.1/../../../../arm-none-eabi/lib/thumb/v7e-m+fp/hard\libc_nano.a(libc_a-errno.o)
 .ARM.attributes
                0x00000523       0x34 C:/Users/user/Applications/STM32CubeIDE/plugins/com.st.stm32cube.ide.mcu.externaltools.gnu-tools-for-stm32.12.3.rel1.win32_1.0.100.202403111256/tools/bin/../lib/gcc/arm-none-eabi/12.3.1/../../../../arm-none-eabi/lib/thumb/v7e-m+fp/hard\libc_nano.a(libc_a-init.o)
 .ARM.attributes
                0x00000557       0x34 C:/Users/user/Applications/STM32CubeIDE/plugins/com.st.stm32cube.ide.mcu.externaltools.gnu-tools-for-stm32.12.3.rel1.win32_1.0.100.202403111256/tools/bin/../lib/gcc/arm-none-eabi/12.3.1/../../../../arm-none-eabi/lib/thumb/v7e-m+fp/hard\libc_nano.a(libc_a-lock.o)
 .ARM.attributes
                0x0000058b       0x34 C:/Users/user/Applications/STM32CubeIDE/plugins/com.st.stm32cube.ide.mcu.externaltools.gnu-tools-for-stm32.12.3.rel1.win32_1.0.100.202403111256/tools/bin/../lib/gcc/arm-none-eabi/12.3.1/../../../../arm-none-eabi/lib/thumb/v7e-m+fp/hard\libc_nano.a(libc_a-memcpy-stub.o)
 .ARM.attributes
                0x000005bf       0x17 C:/Users/user/Applications/STM32CubeIDE/plugins/com.st.stm32cube.ide.mcu.externaltools.gnu-tools-for-stm32.12.3.rel1.win32_1.0.100.202403111256/tools/bin/../lib/gcc/arm-none-eabi/12.3.1/../../../../arm-none-eabi/lib/thumb/v7e-m+fp/hard\libc_nano.a(libc_a-strlen.o)
 .ARM.attributes
                0x000005d6       0x22 C:/Users/user/Applications/STM32CubeIDE/plugins/com.st.stm32cube.ide.mcu.externaltools.gnu-tools-for-stm32.12.3.rel1.win32_1.0.100.202403111256/tools/bin/../lib/gcc/arm-none-eabi/12.3.1/thumb/v7e-m+fp/hard\libgcc.a(_aeabi_uldivmod.o)
 .ARM.attributes
                0x000005f8       0x34 C:/Users/user/Applications/STM32CubeIDE/plugins/com.st.stm32cube.ide.mcu.externaltools.gnu-tools-for-stm32.12.3.rel1.win32_1.0.100.202403111256/tools/bin/../lib/gcc/arm-none-eabi/12.3.1/thumb/v7e-m+fp/hard\libgcc.a(_udivmoddi4.o)
 .ARM.attributes
                0x0000062c       0x22 C:/Users/user/Applications/STM32CubeIDE/plugins/com.st.stm32cube.ide.mcu.externaltools.gnu-tools-for-stm32.12.3.rel1.win32_1.0.100.202403111256/tools/bin/../lib/gcc/arm-none-eabi/12.3.1/thumb/v7e-m+fp/hard\libgcc.a(_dvmd_tls.o)
 .ARM.attributes
                0x0000064e       0x22 C:/Users/user/Applications/STM32CubeIDE/plugins/com.st.stm32cube.ide.mcu.externaltools.gnu-tools-for-stm32.12.3.rel1.win32_1.0.100.202403111256/tools/bin/../lib/gcc/arm-none-eabi/12.3.1/thumb/v7e-m+fp/hard/crtn.o
OUTPUT(StandF411.elf elf32-littlearm)
LOAD linker stubs
LOAD C:/Users/user/Applications/STM32CubeIDE/plugins/com.st.stm32cube.ide.mcu.externaltools.gnu-tools-for-stm32.12.3.rel1.win32_1.0.100.202403111256/tools/bin/../lib/gcc/arm-none-eabi/12.3.1/../../../../arm-none-eabi/lib/thumb/v7e-m+fp/hard\libc.a
LOAD C:/Users/user/Applications/STM32CubeIDE/plugins/com.st.stm32cube.ide.mcu.externaltools.gnu-tools-for-stm32.12.3.rel1.win32_1.0.100.202403111256/tools/bin/../lib/gcc/arm-none-eabi/12.3.1/../../../../arm-none-eabi/lib/thumb/v7e-m+fp/hard\libm.a
LOAD C:/Users/user/Applications/STM32CubeIDE/plugins/com.st.stm32cube.ide.mcu.externaltools.gnu-tools-for-stm32.12.3.rel1.win32_1.0.100.202403111256/tools/bin/../lib/gcc/arm-none-eabi/12.3.1/thumb/v7e-m+fp/hard\libgcc.a

.debug_info     0x00000000     0xad1a
 .debug_info    0x00000000      0xfbb ./Core/Src/hardware.o
 .debug_info    0x00000fbb     0x120e ./Core/Src/main.o
 .debug_info    0x000021c9      0x548 ./Core/Src/parser.o
 .debug_info    0x00002711      0xe58 ./Core/Src/stm32f4xx_hal_msp.o
 .debug_info    0x00003569      0x658 ./Core/Src/stm32f4xx_it.o
 .debug_info    0x00003bc1      0x168 ./Core/Src/sysmem.o
 .debug_info    0x00003d29      0x53e ./Core/Src/system_stm32f4xx.o
 .debug_info    0x00004267       0x30 ./Core/Startup/startup_stm32f411ceux.o
 .debug_info    0x00004297      0x8c4 ./Drivers/STM32F4xx_HAL_Driver/Src/stm32f4xx_hal.o
 .debug_info    0x00004b5b      0xcd1 ./Drivers/STM32F4xx_HAL_Driver/Src/stm32f4xx_hal_adc.o
 .debug_info    0x0000582c      0xcc7 ./Drivers/STM32F4xx_HAL_Driver/Src/stm32f4xx_hal_cortex.o
 .debug_info    0x000064f3      0x8e6 ./Drivers/STM32F4xx_HAL_Driver/Src/stm32f4xx_hal_dma.o
 .debug_info    0x00006dd9      0x6f9 ./Drivers/STM32F4xx_HAL_Driver/Src/stm32f4xx_hal_gpio.o
 .debug_info    0x000074d2      0x8f2 ./Drivers/STM32F4xx_HAL_Driver/Src/stm32f4xx_hal_rcc.o
 .debug_info    0x00007dc4     0x2f56 ./Drivers/STM32F4xx_HAL_Driver/Src/stm32f4xx_hal_uart.o

.debug_abbrev   0x00000000     0x1e1c
 .debug_abbrev  0x00000000      0x2cf ./Core/Src/hardware.o
 .debug_abbrev  0x000002cf      0x2dc ./Core/Src/main.o
 .debug_abbrev  0x000005ab      0x1e3 ./Core/Src/parser.o
 .debug_abbrev  0x0000078e      0x1cb ./Core/Src/stm32f4xx_hal_msp.o
 .debug_abbrev  0x00000959      0x184 ./Core/Src/stm32f4xx_it.o
 .debug_abbrev  0x00000add       0xbc ./Core/Src/sysmem.o
 .debug_abbrev  0x00000b99      0x11a ./Core/Src/system_stm32f4xx.o
 .debug_abbrev  0x00000cb3       0x24 ./Core/Startup/startup_stm32f411ceux.o
 .debug_abbrev  0x00000cd7      0x24b ./Drivers/STM32F4xx_HAL_Driver/Src/stm32f4xx_hal.o
 .debug_abbrev  0x00000f22      0x20e ./Drivers/STM32F4xx_HAL_Driver/Src/stm32f4xx_hal_adc.o
 .debug_abbrev  0x00001130      0x328 ./Drivers/STM32F4xx_HAL_Driver/Src/stm32f4xx_hal_cortex.o
 .debug_abbrev  0x00001458      0x221 ./Drivers/STM32F4xx_HAL_Driver/Src/stm32f4xx_hal_dma.o
 .debug_abbrev  0x00001679      0x1d3 ./Drivers/STM32F4xx_HAL_Driver/Src/stm32f4xx_hal_gpio.o
 .debug_abbrev  0x0000184c      0x2b5 ./Drivers/STM32F4xx_HAL_Driver/Src/stm32f4xx_hal_rcc.o
 .debug_abbrev  0x00001b01      0x31b ./Drivers/STM32F4xx_HAL_Driver/Src/stm32f4xx_hal_uart.o

.debug_aranges  0x00000000      0x8d0
 .debug_aranges
                0x00000000       0x98 ./Core/Src/hardware.o
 .debug_aranges
                0x00000098       0x60 ./Core/Src/main.o
 .debug_aranges
                0x000000f8       0x48 ./Core/Src/parser.o
 .debug_aranges
                0x00000140       0x40 ./Core/Src/stm32f4xx_hal_msp.o
 .debug_aranges
                0x00000180       0x70 ./Core/Src/stm32f4xx_it.o
 .debug_aranges
                0x000001f0       0x20 ./Core/Src/sysmem.o
 .debug_aranges
                0x00000210       0x28 ./Core/Src/system_stm32f4xx.o
 .debug_aranges
                0x00000238       0x28 ./Core/Startup/startup_stm32f411ceux.o
 .debug_aranges
                0x00000260       0xf0 ./Drivers/STM32F4xx_HAL_Driver/Src/stm32f4xx_hal.o
 .debug_aranges
                0x00000350       0xe8 ./Drivers/STM32F4xx_HAL_Driver/Src/stm32f4xx_hal_adc.o
 .debug_aranges
                0x00000438      0x120 ./Drivers/STM32F4xx_HAL_Driver/Src/stm32f4xx_hal_cortex.o
 .debug_aranges
                0x00000558       0x90 ./Drivers/STM32F4xx_HAL_Driver/Src/stm32f4xx_hal_dma.o
 .debug_aranges
                0x000005e8       0x58 ./Drivers/STM32F4xx_HAL_Driver/Src/stm32f4xx_hal_gpio.o
 .debug_aranges
                0x00000640       0x88 ./Drivers/STM32F4xx_HAL_Driver/Src/stm32f4xx_hal_rcc.o
 .debug_aranges
                0x000006c8      0x208 ./Drivers/STM32F4xx_HAL_Driver/Src/stm32f4xx_hal_uart.o

.debug_rnglists
                0x00000000      0x6bc
 .debug_rnglists
                0x00000000       0x74 ./Core/Src/hardware.o
 .debug_rnglists
                0x00000074       0x47 ./Core/Src/main.o
 .debug_rnglists
                0x000000bb       0x35 ./Core/Src/parser.o
 .debug_rnglists
                0x000000f0       0x2e ./Core/Src/stm32f4xx_hal_msp.o
 .debug_rnglists
                0x0000011e       0x4f ./Core/Src/stm32f4xx_it.o
 .debug_rnglists
                0x0000016d       0x13 ./Core/Src/sysmem.o
 .debug_rnglists
                0x00000180       0x1a ./Core/Src/system_stm32f4xx.o
 .debug_rnglists
                0x0000019a       0x19 ./Core/Startup/startup_stm32f411ceux.o
 .debug_rnglists
                0x000001b3       0xaf ./Drivers/STM32F4xx_HAL_Driver/Src/stm32f4xx_hal.o
 .debug_rnglists
                0x00000262       0xb5 ./Drivers/STM32F4xx_HAL_Driver/Src/stm32f4xx_hal_adc.o
 .debug_rnglists
                0x00000317       0xd4 ./Drivers/STM32F4xx_HAL_Driver/Src/stm32f4xx_hal_cortex.o
 .debug_rnglists
                0x000003eb       0x70 ./Drivers/STM32F4xx_HAL_Driver/Src/stm32f4xx_hal_dma.o
 .debug_rnglists
                0x0000045b       0x3f ./Drivers/STM32F4xx_HAL_Driver/Src/stm32f4xx_hal_gpio.o
 .debug_rnglists
                0x0000049a       0x66 ./Drivers/STM32F4xx_HAL_Driver/Src/stm32f4xx_hal_rcc.o
 .debug_rnglists
                0x00000500      0x1bc ./Drivers/STM32F4xx_HAL_Driver/Src/stm32f4xx_hal_uart.o

.debug_macro    0x00000000    0x1770f
 .debug_macro   0x00000000      0x2ee ./Core/Src/hardware.o
 .debug_macro   0x000002ee      0xab4 ./Core/Src/hardware.o
 .debug_macro   0x00000da2      0x189 ./Core/Src/hardware.o
 .debug_macro   0x00000f2b       0x22 ./Core/Src/hardware.o
 .debug_macro   0x00000f4d       0x8e ./Core/Src/hardware.o
 .debug_macro   0x00000fdb       0x51 ./Core/Src/hardware.o
 .debug_macro   0x0000102c      0x103 ./Core/Src/hardware.o
 .debug_macro   0x0000112f       0x6a ./Core/Src/hardware.o
 .debug_macro   0x00001199      0x1df ./Core/Src/hardware.o
 .debug_macro   0x00001378      0x29b ./Core/Src/hardware.o
 .debug_macro   0x00001613       0x2e ./Core/Src/hardware.o
 .debug_macro   0x00001641       0x28 ./Core/Src/hardware.o
 .debug_macro   0x00001669       0x1c ./Core/Src/hardware.o
 .debug_macro   0x00001685       0x22 ./Core/Src/hardware.o
 .debug_macro   0x000016a7       0xfb ./Core/Src/hardware.o
 .debug_macro   0x000017a2     0x1011 ./Core/Src/hardware.o
 .debug_macro   0x000027b3      0x11f ./Core/Src/hardware.o
 .debug_macro   0x000028d2     0xb953 ./Core/Src/hardware.o
 .debug_macro   0x0000e225       0x6d ./Core/Src/hardware.o
 .debug_macro   0x0000e292     0x368c ./Core/Src/hardware.o
 .debug_macro   0x0001191e       0x5c ./Core/Src/hardware.o
 .debug_macro   0x0001197a      0x45c ./Core/Src/hardware.o
 .debug_macro   0x00011dd6      0x9e9 ./Core/Src/hardware.o
 .debug_macro   0x000127bf      0x115 ./Core/Src/hardware.o
 .debug_macro   0x000128d4      0x11b ./Core/Src/hardware.o
 .debug_macro   0x000129ef       0xa5 ./Core/Src/hardware.o
 .debug_macro   0x00012a94      0x15f ./Core/Src/hardware.o
 .debug_macro   0x00012bf3      0x287 ./Core/Src/hardware.o
 .debug_macro   0x00012e7a       0x5f ./Core/Src/hardware.o
 .debug_macro   0x00012ed9      0x236 ./Core/Src/hardware.o
 .debug_macro   0x0001310f      0x9e1 ./Core/Src/hardware.o
 .debug_macro   0x00013af0      0x38b ./Core/Src/hardware.o
 .debug_macro   0x00013e7b      0x17d ./Core/Src/hardware.o
 .debug_macro   0x00013ff8       0xf9 ./Core/Src/hardware.o
 .debug_macro   0x000140f1      0x132 ./Core/Src/hardware.o
 .debug_macro   0x00014223      0x264 ./Core/Src/hardware.o
 .debug_macro   0x00014487       0x2e ./Core/Src/hardware.o
 .debug_macro   0x000144b5      0x127 ./Core/Src/hardware.o
 .debug_macro   0x000145dc       0x85 ./Core/Src/hardware.o
 .debug_macro   0x00014661       0x89 ./Core/Src/hardware.o
 .debug_macro   0x000146ea      0x2aa ./Core/Src/hardware.o
 .debug_macro   0x00014994      0x126 ./Core/Src/hardware.o
 .debug_macro   0x00014aba       0x7c ./Core/Src/hardware.o
 .debug_macro   0x00014b36      0x124 ./Core/Src/hardware.o
 .debug_macro   0x00014c5a       0x61 ./Core/Src/hardware.o
 .debug_macro   0x00014cbb       0x2a ./Core/Src/hardware.o
 .debug_macro   0x00014ce5       0x43 ./Core/Src/hardware.o
 .debug_macro   0x00014d28       0x34 ./Core/Src/hardware.o
 .debug_macro   0x00014d5c       0x16 ./Core/Src/hardware.o
 .debug_macro   0x00014d72       0x43 ./Core/Src/hardware.o
 .debug_macro   0x00014db5       0x34 ./Core/Src/hardware.o
 .debug_macro   0x00014de9       0x10 ./Core/Src/hardware.o
 .debug_macro   0x00014df9       0x58 ./Core/Src/hardware.o
 .debug_macro   0x00014e51       0x8e ./Core/Src/hardware.o
 .debug_macro   0x00014edf       0x1c ./Core/Src/hardware.o
 .debug_macro   0x00014efb      0x177 ./Core/Src/hardware.o
 .debug_macro   0x00015072      0x369 ./Core/Src/hardware.o
 .debug_macro   0x000153db       0x10 ./Core/Src/hardware.o
 .debug_macro   0x000153eb       0x35 ./Core/Src/hardware.o
 .debug_macro   0x00015420       0x20 ./Core/Src/hardware.o
 .debug_macro   0x00015440      0x364 ./Core/Src/main.o
 .debug_macro   0x000157a4       0x16 ./Core/Src/main.o
 .debug_macro   0x000157ba       0x10 ./Core/Src/main.o
 .debug_macro   0x000157ca       0x16 ./Core/Src/main.o
 .debug_macro   0x000157e0       0x16 ./Core/Src/main.o
 .debug_macro   0x000157f6      0x146 ./Core/Src/main.o
 .debug_macro   0x0001593c       0x16 ./Core/Src/main.o
 .debug_macro   0x00015952       0x16 ./Core/Src/main.o
 .debug_macro   0x00015968       0x29 ./Core/Src/main.o
 .debug_macro   0x00015991       0x16 ./Core/Src/main.o
 .debug_macro   0x000159a7      0x356 ./Core/Src/parser.o
 .debug_macro   0x00015cfd       0x5b ./Core/Src/parser.o
 .debug_macro   0x00015d58       0x94 ./Core/Src/parser.o
 .debug_macro   0x00015dec       0x57 ./Core/Src/parser.o
 .debug_macro   0x00015e43       0x9e ./Core/Src/parser.o
 .debug_macro   0x00015ee1      0x10b ./Core/Src/parser.o
 .debug_macro   0x00015fec       0x56 ./Core/Src/parser.o
 .debug_macro   0x00016042      0x1f6 ./Core/Src/stm32f4xx_hal_msp.o
 .debug_macro   0x00016238      0x1fa ./Core/Src/stm32f4xx_it.o
 .debug_macro   0x00016432       0xff ./Core/Src/sysmem.o
 .debug_macro   0x00016531      0x23c ./Core/Src/sysmem.o
 .debug_macro   0x0001676d      0x1e2 ./Core/Src/system_stm32f4xx.o
 .debug_macro   0x0001694f      0x242 ./Drivers/STM32F4xx_HAL_Driver/Src/stm32f4xx_hal.o
 .debug_macro   0x00016b91      0x1e3 ./Drivers/STM32F4xx_HAL_Driver/Src/stm32f4xx_hal_adc.o
 .debug_macro   0x00016d74      0x1e2 ./Drivers/STM32F4xx_HAL_Driver/Src/stm32f4xx_hal_cortex.o
 .debug_macro   0x00016f56      0x1e8 ./Drivers/STM32F4xx_HAL_Driver/Src/stm32f4xx_hal_dma.o
 .debug_macro   0x0001713e      0x1e8 ./Drivers/STM32F4xx_HAL_Driver/Src/stm32f4xx_hal_gpio.o
 .debug_macro   0x00017326      0x206 ./Drivers/STM32F4xx_HAL_Driver/Src/stm32f4xx_hal_rcc.o
 .debug_macro   0x0001752c      0x1e3 ./Drivers/STM32F4xx_HAL_Driver/Src/stm32f4xx_hal_uart.o

.debug_line     0x00000000     0xc036
 .debug_line    0x00000000      0xe2d ./Core/Src/hardware.o
 .debug_line    0x00000e2d      0xb31 ./Core/Src/main.o
 .debug_line    0x0000195e      0xc25 ./Core/Src/parser.o
 .debug_line    0x00002583      0x87c ./Core/Src/stm32f4xx_hal_msp.o
 .debug_line    0x00002dff      0x85b ./Core/Src/stm32f4xx_it.o
 .debug_line    0x0000365a      0x588 ./Core/Src/sysmem.o
 .debug_line    0x00003be2      0x7ed ./Core/Src/system_stm32f4xx.o
 .debug_line    0x000043cf       0x7a ./Core/Startup/startup_stm32f411ceux.o
 .debug_line    0x00004449      0xa56 ./Drivers/STM32F4xx_HAL_Driver/Src/stm32f4xx_hal.o
 .debug_line    0x00004e9f     0x121e ./Drivers/STM32F4xx_HAL_Driver/Src/stm32f4xx_hal_adc.o
 .debug_line    0x000060bd      0xd1e ./Drivers/STM32F4xx_HAL_Driver/Src/stm32f4xx_hal_cortex.o
 .debug_line    0x00006ddb      0xfc6 ./Drivers/STM32F4xx_HAL_Driver/Src/stm32f4xx_hal_dma.o
 .debug_line    0x00007da1      0xba6 ./Drivers/STM32F4xx_HAL_Driver/Src/stm32f4xx_hal_gpio.o
 .debug_line    0x00008947      0xdc7 ./Drivers/STM32F4xx_HAL_Driver/Src/stm32f4xx_hal_rcc.o
 .debug_line    0x0000970e     0x2928 ./Drivers/STM32F4xx_HAL_Driver/Src/stm32f4xx_hal_uart.o

.debug_str      0x00000000    0x921db
 .debug_str     0x00000000    0x8f2e8 ./Core/Src/hardware.o
                              0x8f640 (size before relaxing)
 .debug_str     0x0008f2e8      0xba2 ./Core/Src/main.o
                              0x8ffc8 (size before relaxing)
 .debug_str     0x0008fe8a       0x54 ./Core/Src/parser.o
                              0x8f65b (size before relaxing)
 .debug_str     0x0008fede      0x459 ./Core/Src/stm32f4xx_hal_msp.o
                              0x8c1e9 (size before relaxing)
 .debug_str     0x00090337       0xef ./Core/Src/stm32f4xx_it.o
                              0x8bb6c (size before relaxing)
 .debug_str     0x00090426      0x4dc ./Core/Src/sysmem.o
                               0x60d0 (size before relaxing)
 .debug_str     0x00090902       0xdb ./Core/Src/system_stm32f4xx.o
                              0x8b7df (size before relaxing)
 .debug_str     0x000909dd       0x44 ./Core/Startup/startup_stm32f411ceux.o
                                 0x83 (size before relaxing)
 .debug_str     0x00090a21      0x617 ./Drivers/STM32F4xx_HAL_Driver/Src/stm32f4xx_hal.o
                              0x8c20b (size before relaxing)
 .debug_str     0x00091038      0x29a ./Drivers/STM32F4xx_HAL_Driver/Src/stm32f4xx_hal_adc.o
                              0x8bdba (size before relaxing)
 .debug_str     0x000912d2      0x329 ./Drivers/STM32F4xx_HAL_Driver/Src/stm32f4xx_hal_cortex.o
                              0x8bf43 (size before relaxing)
 .debug_str     0x000915fb      0x304 ./Drivers/STM32F4xx_HAL_Driver/Src/stm32f4xx_hal_dma.o
                              0x8bbe7 (size before relaxing)
 .debug_str     0x000918ff      0x121 ./Drivers/STM32F4xx_HAL_Driver/Src/stm32f4xx_hal_gpio.o
                              0x8b95a (size before relaxing)
 .debug_str     0x00091a20      0x233 ./Drivers/STM32F4xx_HAL_Driver/Src/stm32f4xx_hal_rcc.o
                              0x8bc13 (size before relaxing)
 .debug_str     0x00091c53      0x588 ./Drivers/STM32F4xx_HAL_Driver/Src/stm32f4xx_hal_uart.o
                              0x8c1e2 (size before relaxing)

.comment        0x00000000       0x43
 .comment       0x00000000       0x43 ./Core/Src/hardware.o
                                 0x44 (size before relaxing)
 .comment       0x00000043       0x44 ./Core/Src/main.o
 .comment       0x00000043       0x44 ./Core/Src/parser.o
 .comment       0x00000043       0x44 ./Core/Src/stm32f4xx_hal_msp.o
 .comment       0x00000043       0x44 ./Core/Src/stm32f4xx_it.o
 .comment       0x00000043       0x44 ./Core/Src/sysmem.o
 .comment       0x00000043       0x44 ./Core/Src/system_stm32f4xx.o
 .comment       0x00000043       0x44 ./Drivers/STM32F4xx_HAL_Driver/Src/stm32f4xx_hal.o
 .comment       0x00000043       0x44 ./Drivers/STM32F4xx_HAL_Driver/Src/stm32f4xx_hal_adc.o
 .comment       0x00000043       0x44 ./Drivers/STM32F4xx_HAL_Driver/Src/stm32f4xx_hal_cortex.o
 .comment       0x00000043       0x44 ./Drivers/STM32F4xx_HAL_Driver/Src/stm32f4xx_hal_dma.o
 .comment       0x00000043       0x44 ./Drivers/STM32F4xx_HAL_Driver/Src/stm32f4xx_hal_gpio.o
 .comment       0x00000043       0x44 ./Drivers/STM32F4xx_HAL_Driver/Src/stm32f4xx_hal_rcc.o
 .comment       0x00000043       0x44 ./Drivers/STM32F4xx_HAL_Driver/Src/stm32f4xx_hal_uart.o

.debug_frame    0x00000000     0x2618
 .debug_frame   0x00000000      0x264 ./Core/Src/hardware.o
 .debug_frame   0x00000264      0x130 ./Core/Src/main.o
 .debug_frame   0x00000394       0xec ./Core/Src/parser.o
 .debug_frame   0x00000480       0xc8 ./Core/Src/stm32f4xx_hal_msp.o
 .debug_frame   0x00000548      0x13c ./Core/Src/stm32f4xx_it.o
 .debug_frame   0x00000684       0x34 ./Core/Src/sysmem.o
 .debug_frame   0x000006b8       0x58 ./Core/Src/system_stm32f4xx.o
 .debug_frame   0x00000710      0x374 ./Drivers/STM32F4xx_HAL_Driver/Src/stm32f4xx_hal.o
 .debug_frame   0x00000a84      0x3fc ./Drivers/STM32F4xx_HAL_Driver/Src/stm32f4xx_hal_adc.o
 .debug_frame   0x00000e80      0x4b8 ./Drivers/STM32F4xx_HAL_Driver/Src/stm32f4xx_hal_cortex.o
 .debug_frame   0x00001338      0x250 ./Drivers/STM32F4xx_HAL_Driver/Src/stm32f4xx_hal_dma.o
 .debug_frame   0x00001588      0x14c ./Drivers/STM32F4xx_HAL_Driver/Src/stm32f4xx_hal_gpio.o
 .debug_frame   0x000016d4      0x1f4 ./Drivers/STM32F4xx_HAL_Driver/Src/stm32f4xx_hal_rcc.o
 .debug_frame   0x000018c8      0x954 ./Drivers/STM32F4xx_HAL_Driver/Src/stm32f4xx_hal_uart.o
 .debug_frame   0x0000221c       0x30 C:/Users/user/Applications/STM32CubeIDE/plugins/com.st.stm32cube.ide.mcu.externaltools.gnu-tools-for-stm32.12.3.rel1.win32_1.0.100.202403111256/tools/bin/../lib/gcc/arm-none-eabi/12.3.1/../../../../arm-none-eabi/lib/thumb/v7e-m+fp/hard\libc_nano.a(libc_a-malloc.o)
 .debug_frame   0x0000224c       0x50 C:/Users/user/Applications/STM32CubeIDE/plugins/com.st.stm32cube.ide.mcu.externaltools.gnu-tools-for-stm32.12.3.rel1.win32_1.0.100.202403111256/tools/bin/../lib/gcc/arm-none-eabi/12.3.1/../../../../arm-none-eabi/lib/thumb/v7e-m+fp/hard\libc_nano.a(libc_a-mallocr.o)
 .debug_frame   0x0000229c       0x30 C:/Users/user/Applications/STM32CubeIDE/plugins/com.st.stm32cube.ide.mcu.externaltools.gnu-tools-for-stm32.12.3.rel1.win32_1.0.100.202403111256/tools/bin/../lib/gcc/arm-none-eabi/12.3.1/../../../../arm-none-eabi/lib/thumb/v7e-m+fp/hard\libc_nano.a(libc_a-mlock.o)
 .debug_frame   0x000022cc      0x144 C:/Users/user/Applications/STM32CubeIDE/plugins/com.st.stm32cube.ide.mcu.externaltools.gnu-tools-for-stm32.12.3.rel1.win32_1.0.100.202403111256/tools/bin/../lib/gcc/arm-none-eabi/12.3.1/../../../../arm-none-eabi/lib/thumb/v7e-m+fp/hard\libc_nano.a(libc_a-findfp.o)
 .debug_frame   0x00002410       0x20 C:/Users/user/Applications/STM32CubeIDE/plugins/com.st.stm32cube.ide.mcu.externaltools.gnu-tools-for-stm32.12.3.rel1.win32_1.0.100.202403111256/tools/bin/../lib/gcc/arm-none-eabi/12.3.1/../../../../arm-none-eabi/lib/thumb/v7e-m+fp/hard\libc_nano.a(libc_a-memset.o)
 .debug_frame   0x00002430       0x38 C:/Users/user/Applications/STM32CubeIDE/plugins/com.st.stm32cube.ide.mcu.externaltools.gnu-tools-for-stm32.12.3.rel1.win32_1.0.100.202403111256/tools/bin/../lib/gcc/arm-none-eabi/12.3.1/../../../../arm-none-eabi/lib/thumb/v7e-m+fp/hard\libc_nano.a(libc_a-reent.o)
 .debug_frame   0x00002468       0x2c C:/Users/user/Applications/STM32CubeIDE/plugins/com.st.stm32cube.ide.mcu.externaltools.gnu-tools-for-stm32.12.3.rel1.win32_1.0.100.202403111256/tools/bin/../lib/gcc/arm-none-eabi/12.3.1/../../../../arm-none-eabi/lib/thumb/v7e-m+fp/hard\libc_nano.a(libc_a-sbrkr.o)
 .debug_frame   0x00002494       0x20 C:/Users/user/Applications/STM32CubeIDE/plugins/com.st.stm32cube.ide.mcu.externaltools.gnu-tools-for-stm32.12.3.rel1.win32_1.0.100.202403111256/tools/bin/../lib/gcc/arm-none-eabi/12.3.1/../../../../arm-none-eabi/lib/thumb/v7e-m+fp/hard\libc_nano.a(libc_a-errno.o)
 .debug_frame   0x000024b4       0x2c C:/Users/user/Applications/STM32CubeIDE/plugins/com.st.stm32cube.ide.mcu.externaltools.gnu-tools-for-stm32.12.3.rel1.win32_1.0.100.202403111256/tools/bin/../lib/gcc/arm-none-eabi/12.3.1/../../../../arm-none-eabi/lib/thumb/v7e-m+fp/hard\libc_nano.a(libc_a-init.o)
 .debug_frame   0x000024e0       0xb0 C:/Users/user/Applications/STM32CubeIDE/plugins/com.st.stm32cube.ide.mcu.externaltools.gnu-tools-for-stm32.12.3.rel1.win32_1.0.100.202403111256/tools/bin/../lib/gcc/arm-none-eabi/12.3.1/../../../../arm-none-eabi/lib/thumb/v7e-m+fp/hard\libc_nano.a(libc_a-lock.o)
 .debug_frame   0x00002590       0x28 C:/Users/user/Applications/STM32CubeIDE/plugins/com.st.stm32cube.ide.mcu.externaltools.gnu-tools-for-stm32.12.3.rel1.win32_1.0.100.202403111256/tools/bin/../lib/gcc/arm-none-eabi/12.3.1/../../../../arm-none-eabi/lib/thumb/v7e-m+fp/hard\libc_nano.a(libc_a-memcpy-stub.o)
 .debug_frame   0x000025b8       0x2c C:/Users/user/Applications/STM32CubeIDE/plugins/com.st.stm32cube.ide.mcu.externaltools.gnu-tools-for-stm32.12.3.rel1.win32_1.0.100.202403111256/tools/bin/../lib/gcc/arm-none-eabi/12.3.1/thumb/v7e-m+fp/hard\libgcc.a(_aeabi_uldivmod.o)
 .debug_frame   0x000025e4       0x34 C:/Users/user/Applications/STM32CubeIDE/plugins/com.st.stm32cube.ide.mcu.externaltools.gnu-tools-for-stm32.12.3.rel1.win32_1.0.100.202403111256/tools/bin/../lib/gcc/arm-none-eabi/12.3.1/thumb/v7e-m+fp/hard\libgcc.a(_udivmoddi4.o)

.debug_line_str
                0x00000000       0x67
 .debug_line_str
                0x00000000       0x67 ./Core/Startup/startup_stm32f411ceux.o
